Category: 📺央视频道, Name: CCTV-2, Total: 15, Valid: 15, Valid Percent: 100.00%, Whitelist: 0, IPv4: 15, IPv6: 0, Min Delay: 353 ms, Max Speed: 3.99 M/s, Avg Speed: 3.02 M/s, Max Resolution: 1920x1080
Category: 📺央视频道, Name: CCTV-3, Total: 20, Valid: 20, Valid Percent: 100.00%, Whitelist: 0, IPv4: 20, IPv6: 0, Min Delay: 40 ms, Max Speed: 120.86 M/s, Avg Speed: 50.53 M/s, Max Resolution: 1920x1080
Category: 📺央视频道, Name: CCTV-4, Total: 20, Valid: 20, Valid Percent: 100.00%, Whitelist: 0, IPv4: 20, IPv6: 0, Min Delay: 40 ms, Max Speed: 120.86 M/s, Avg Speed: 32.99 M/s, Max Resolution: 1920x1080
Category: 📺央视频道, Name: CCTV-5, Total: 33, Valid: 33, Valid Percent: 100.00%, Whitelist: 0, IPv4: 33, IPv6: 0, Min Delay: 40 ms, Max Speed: 120.86 M/s, Avg Speed: 21.24 M/s, Max Resolution: 1920x1080
Category: 📺央视频道, Name: CCTV-5+, Total: 7, Valid: 7, Valid Percent: 100.00%, Whitelist: 0, IPv4: 7, IPv6: 0, Min Delay: 299 ms, Max Speed: 8.77 M/s, Avg Speed: 4.58 M/s, Max Resolution: 1920x1080
Category: 📺央视频道, Name: CCTV-6, Total: 24, Valid: 24, Valid Percent: 100.00%, Whitelist: 0, IPv4: 24, IPv6: 0, Min Delay: 40 ms, Max Speed: 120.86 M/s, Avg Speed: 37.80 M/s, Max Resolution: 1920x1080
Category: 📺央视频道, Name: CCTV-7, Total: 21, Valid: 21, Valid Percent: 100.00%, Whitelist: 0, IPv4: 21, IPv6: 0, Min Delay: 40 ms, Max Speed: 120.86 M/s, Avg Speed: 42.79 M/s, Max Resolution: 1920x1080
Category: 📺央视频道, Name: CCTV-8, Total: 25, Valid: 25, Valid Percent: 100.00%, Whitelist: 0, IPv4: 25, IPv6: 0, Min Delay: 40 ms, Max Speed: 120.86 M/s, Avg Speed: 31.83 M/s, Max Resolution: 1920x1080
Category: 📺央视频道, Name: CCTV-9, Total: 22, Valid: 22, Valid Percent: 100.00%, Whitelist: 0, IPv4: 22, IPv6: 0, Min Delay: 40 ms, Max Speed: 120.86 M/s, Avg Speed: 41.19 M/s, Max Resolution: 1920x1080
Category: 📺央视频道, Name: CCTV-10, Total: 27, Valid: 27, Valid Percent: 100.00%, Whitelist: 0, IPv4: 27, IPv6: 0, Min Delay: 40 ms, Max Speed: 120.86 M/s, Avg Speed: 33.64 M/s, Max Resolution: 1920x1080
Category: 📺央视频道, Name: CCTV-11, Total: 21, Valid: 21, Valid Percent: 100.00%, Whitelist: 0, IPv4: 21, IPv6: 0, Min Delay: 40 ms, Max Speed: 120.86 M/s, Avg Speed: 37.23 M/s, Max Resolution: 1920x1080
Category: 📺央视频道, Name: CCTV-12, Total: 22, Valid: 22, Valid Percent: 100.00%, Whitelist: 0, IPv4: 22, IPv6: 0, Min Delay: 40 ms, Max Speed: 120.86 M/s, Avg Speed: 41.03 M/s, Max Resolution: 1920x1080
Category: 📺央视频道, Name: CCTV-13, Total: 20, Valid: 20, Valid Percent: 100.00%, Whitelist: 0, IPv4: 20, IPv6: 0, Min Delay: 40 ms, Max Speed: 120.86 M/s, Avg Speed: 44.92 M/s, Max Resolution: 1920x1080
Category: 📺央视频道, Name: CCTV-14, Total: 23, Valid: 23, Valid Percent: 100.00%, Whitelist: 0, IPv4: 23, IPv6: 0, Min Delay: 40 ms, Max Speed: 120.86 M/s, Avg Speed: 39.59 M/s, Max Resolution: 1920x1080
Category: 📺央视频道, Name: CCTV-15, Total: 24, Valid: 24, Valid Percent: 100.00%, Whitelist: 0, IPv4: 24, IPv6: 0, Min Delay: 40 ms, Max Speed: 120.86 M/s, Avg Speed: 38.06 M/s, Max Resolution: 1920x1080
Category: 📺央视频道, Name: CCTV-16, Total: 19, Valid: 19, Valid Percent: 100.00%, Whitelist: 0, IPv4: 19, IPv6: 0, Min Delay: 40 ms, Max Speed: 120.86 M/s, Avg Speed: 28.86 M/s, Max Resolution: 1920x1080
Category: 📺央视频道, Name: CCTV-17, Total: 20, Valid: 20, Valid Percent: 100.00%, Whitelist: 0, IPv4: 20, IPv6: 0, Min Delay: 40 ms, Max Speed: 120.86 M/s, Avg Speed: 45.09 M/s, Max Resolution: 1920x1080
Category: 📡卫视频道, Name: 广东卫视, Total: 15, Valid: 15, Valid Percent: 100.00%, Whitelist: 0, IPv4: 15, IPv6: 0, Min Delay: 40 ms, Max Speed: 120.86 M/s, Avg Speed: 50.20 M/s, Max Resolution: 1920x1080
Category: 📡卫视频道, Name: 浙江卫视, Total: 16, Valid: 16, Valid Percent: 100.00%, Whitelist: 0, IPv4: 16, IPv6: 0, Min Delay: 40 ms, Max Speed: 120.86 M/s, Avg Speed: 47.61 M/s, Max Resolution: 1920x1080
Category: 📡卫视频道, Name: 湖南卫视, Total: 25, Valid: 25, Valid Percent: 100.00%, Whitelist: 0, IPv4: 25, IPv6: 0, Min Delay: 5 ms, Max Speed: 120.86 M/s, Avg Speed: 42.56 M/s, Max Resolution: 3840x2160
Category: 📡卫视频道, Name: 北京卫视, Total: 19, Valid: 19, Valid Percent: 100.00%, Whitelist: 0, IPv4: 19, IPv6: 0, Min Delay: 5 ms, Max Speed: 120.86 M/s, Avg Speed: 47.54 M/s, Max Resolution: 1920x1080
Category: 📡卫视频道, Name: 湖北卫视, Total: 17, Valid: 17, Valid Percent: 100.00%, Whitelist: 0, IPv4: 17, IPv6: 0, Min Delay: 5 ms, Max Speed: 120.86 M/s, Avg Speed: 52.60 M/s, Max Resolution: 1920x1080
Category: 📡卫视频道, Name: 黑龙江卫视, Total: 16, Valid: 16, Valid Percent: 100.00%, Whitelist: 0, IPv4: 16, IPv6: 0, Min Delay: 5 ms, Max Speed: 120.86 M/s, Avg Speed: 55.55 M/s, Max Resolution: 1920x1080
Category: 📡卫视频道, Name: 安徽卫视, Total: 17, Valid: 17, Valid Percent: 100.00%, Whitelist: 0, IPv4: 17, IPv6: 0, Min Delay: 40 ms, Max Speed: 120.86 M/s, Avg Speed: 51.52 M/s, Max Resolution: 1920x1080
Category: 📡卫视频道, Name: 重庆卫视, Total: 18, Valid: 18, Valid Percent: 100.00%, Whitelist: 0, IPv4: 18, IPv6: 0, Min Delay: 5 ms, Max Speed: 120.86 M/s, Avg Speed: 56.39 M/s, Max Resolution: 1920x1080
Category: 📡卫视频道, Name: 东方卫视, Total: 19, Valid: 19, Valid Percent: 100.00%, Whitelist: 0, IPv4: 19, IPv6: 0, Min Delay: 40 ms, Max Speed: 120.86 M/s, Avg Speed: 52.92 M/s, Max Resolution: 1920x1080
Category: 📡卫视频道, Name: 东南卫视, Total: 17, Valid: 17, Valid Percent: 100.00%, Whitelist: 0, IPv4: 17, IPv6: 0, Min Delay: 40 ms, Max Speed: 120.86 M/s, Avg Speed: 65.61 M/s, Max Resolution: 1920x1080
Category: 📡卫视频道, Name: 甘肃卫视, Total: 11, Valid: 11, Valid Percent: 100.00%, Whitelist: 0, IPv4: 11, IPv6: 0, Min Delay: 40 ms, Max Speed: 120.86 M/s, Avg Speed: 78.12 M/s, Max Resolution: 1920x1080
Category: 📡卫视频道, Name: 广西卫视, Total: 17, Valid: 16, Valid Percent: 94.12%, Whitelist: 0, IPv4: 17, IPv6: 0, Min Delay: 40 ms, Max Speed: 120.86 M/s, Avg Speed: 69.50 M/s, Max Resolution: 1920x1080
Category: 📡卫视频道, Name: 贵州卫视, Total: 18, Valid: 18, Valid Percent: 100.00%, Whitelist: 0, IPv4: 18, IPv6: 0, Min Delay: 40 ms, Max Speed: 120.86 M/s, Avg Speed: 68.49 M/s, Max Resolution: 1920x1080
Category: 📡卫视频道, Name: 海南卫视, Total: 11, Valid: 11, Valid Percent: 100.00%, Whitelist: 0, IPv4: 11, IPv6: 0, Min Delay: 5 ms, Max Speed: 120.86 M/s, Avg Speed: 79.57 M/s, Max Resolution: 1920x1080
Category: 📡卫视频道, Name: 河北卫视, Total: 19, Valid: 19, Valid Percent: 100.00%, Whitelist: 0, IPv4: 19, IPv6: 0, Min Delay: 5 ms, Max Speed: 120.86 M/s, Avg Speed: 59.68 M/s, Max Resolution: 1920x1080
Category: 📡卫视频道, Name: 河南卫视, Total: 20, Valid: 20, Valid Percent: 100.00%, Whitelist: 0, IPv4: 20, IPv6: 0, Min Delay: 40 ms, Max Speed: 120.86 M/s, Avg Speed: 61.92 M/s, Max Resolution: 1920x1080
Category: 📡卫视频道, Name: 吉林卫视, Total: 16, Valid: 16, Valid Percent: 100.00%, Whitelist: 0, IPv4: 16, IPv6: 0, Min Delay: 40 ms, Max Speed: 120.86 M/s, Avg Speed: 46.95 M/s, Max Resolution: 1920x1080
Category: 📡卫视频道, Name: 江苏卫视, Total: 19, Valid: 19, Valid Percent: 100.00%, Whitelist: 0, IPv4: 19, IPv6: 0, Min Delay: 40 ms, Max Speed: 120.86 M/s, Avg Speed: 46.61 M/s, Max Resolution: 1920x1080
Category: 📡卫视频道, Name: 江西卫视, Total: 16, Valid: 16, Valid Percent: 100.00%, Whitelist: 0, IPv4: 16, IPv6: 0, Min Delay: 5 ms, Max Speed: 120.86 M/s, Avg Speed: 55.55 M/s, Max Resolution: 1920x1080
Category: 📡卫视频道, Name: 辽宁卫视, Total: 17, Valid: 17, Valid Percent: 100.00%, Whitelist: 0, IPv4: 17, IPv6: 0, Min Delay: 40 ms, Max Speed: 120.86 M/s, Avg Speed: 58.62 M/s, Max Resolution: 1920x1080
Category: 📡卫视频道, Name: 内蒙古卫视, Total: 14, Valid: 14, Valid Percent: 100.00%, Whitelist: 0, IPv4: 14, IPv6: 0, Min Delay: 5 ms, Max Speed: 120.86 M/s, Avg Speed: 46.11 M/s, Max Resolution: 1920x1080
Category: 📡卫视频道, Name: 宁夏卫视, Total: 14, Valid: 14, Valid Percent: 100.00%, Whitelist: 0, IPv4: 14, IPv6: 0, Min Delay: 40 ms, Max Speed: 120.86 M/s, Avg Speed: 53.64 M/s, Max Resolution: 1920x1080
Category: 📡卫视频道, Name: 青海卫视, Total: 18, Valid: 18, Valid Percent: 100.00%, Whitelist: 0, IPv4: 16, IPv6: 2, Min Delay: 5 ms, Max Speed: 120.86 M/s, Avg Speed: 56.20 M/s, Max Resolution: 1920x1080
Category: 📡卫视频道, Name: 山东卫视, Total: 20, Valid: 20, Valid Percent: 100.00%, Whitelist: 0, IPv4: 20, IPv6: 0, Min Delay: 40 ms, Max Speed: 120.86 M/s, Avg Speed: 44.02 M/s, Max Resolution: 1920x1080
Category: 📡卫视频道, Name: 山西卫视, Total: 12, Valid: 12, Valid Percent: 100.00%, Whitelist: 0, IPv4: 12, IPv6: 0, Min Delay: 5 ms, Max Speed: 120.86 M/s, Avg Speed: 53.65 M/s, Max Resolution: 1920x1080
Category: 📡卫视频道, Name: 陕西卫视, Total: 13, Valid: 13, Valid Percent: 100.00%, Whitelist: 0, IPv4: 13, IPv6: 0, Min Delay: 5 ms, Max Speed: 120.86 M/s, Avg Speed: 31.67 M/s, Max Resolution: 1920x1080
Category: 📡卫视频道, Name: 四川卫视, Total: 20, Valid: 20, Valid Percent: 100.00%, Whitelist: 0, IPv4: 20, IPv6: 0, Min Delay: 5 ms, Max Speed: 120.86 M/s, Avg Speed: 62.62 M/s, Max Resolution: 1920x1080
Category: 📡卫视频道, Name: 深圳卫视, Total: 16, Valid: 16, Valid Percent: 100.00%, Whitelist: 0, IPv4: 16, IPv6: 0, Min Delay: 40 ms, Max Speed: 120.86 M/s, Avg Speed: 54.74 M/s, Max Resolution: 1920x1080
Category: 📡卫视频道, Name: 三沙卫视, Total: 11, Valid: 11, Valid Percent: 100.00%, Whitelist: 0, IPv4: 11, IPv6: 0, Min Delay: 40 ms, Max Speed: 120.86 M/s, Avg Speed: 67.76 M/s, Max Resolution: 1920x1080
Category: 📡卫视频道, Name: 天津卫视, Total: 15, Valid: 15, Valid Percent: 100.00%, Whitelist: 0, IPv4: 15, IPv6: 0, Min Delay: 40 ms, Max Speed: 120.86 M/s, Avg Speed: 50.47 M/s, Max Resolution: 1920x1080
Category: 📡卫视频道, Name: 西藏卫视, Total: 12, Valid: 12, Valid Percent: 100.00%, Whitelist: 0, IPv4: 12, IPv6: 0, Min Delay: 5 ms, Max Speed: 120.86 M/s, Avg Speed: 53.39 M/s, Max Resolution: 1920x1080
Category: 📡卫视频道, Name: 新疆卫视, Total: 16, Valid: 16, Valid Percent: 100.00%, Whitelist: 0, IPv4: 16, IPv6: 0, Min Delay: 5 ms, Max Speed: 120.86 M/s, Avg Speed: 40.57 M/s, Max Resolution: 1920x1080
Category: 📡卫视频道, Name: 云南卫视, Total: 19, Valid: 19, Valid Percent: 100.00%, Whitelist: 0, IPv4: 19, IPv6: 0, Min Delay: 40 ms, Max Speed: 120.86 M/s, Avg Speed: 58.60 M/s, Max Resolution: 1920x1080
